Hex with no hash flag: 2a
Hex with hash flag: 0x2a

